2026-07-23 11:10:53,132 | INFO | Detected encoding ascii for /Users/princesaini/Hyperliquid-Sentiment-Analysis/data/historical_data.csv
2026-07-23 11:10:53,477 | INFO | Loaded /Users/princesaini/Hyperliquid-Sentiment-Analysis/data/historical_data.csv
2026-07-23 11:10:53,481 | INFO | Detected encoding ascii for /Users/princesaini/Hyperliquid-Sentiment-Analysis/data/fear_greed_index.csv
2026-07-23 11:10:53,483 | INFO | Loaded /Users/princesaini/Hyperliquid-Sentiment-Analysis/data/fear_greed_index.csv
2026-07-23 11:13:13,771 | INFO | Detected encoding ascii
2026-07-23 11:13:14,111 | INFO | Loaded historical_data.csv
2026-07-23 11:13:14,114 | INFO | Detected encoding ascii
2026-07-23 11:13:14,117 | INFO | Loaded fear_greed_index.csv
2026-07-23 11:17:50,566 | INFO | Detected encoding ascii
2026-07-23 11:17:50,918 | INFO | Loaded historical_data.csv
2026-07-23 11:17:50,920 | INFO | Detected encoding ascii
2026-07-23 11:17:50,922 | INFO | Loaded fear_greed_index.csv
2026-07-23 11:18:19,154 | INFO | Detected encoding ascii
2026-07-23 11:18:19,493 | INFO | Loaded historical_data.csv
2026-07-23 11:18:19,495 | INFO | Detected encoding ascii
2026-07-23 11:18:19,497 | INFO | Loaded fear_greed_index.csv
2026-07-23 11:22:03,515 | INFO | Detected encoding ascii
2026-07-23 11:22:03,873 | INFO | Loaded historical_data.csv
2026-07-23 11:22:03,875 | INFO | Detected encoding ascii
2026-07-23 11:22:03,877 | INFO | Loaded fear_greed_index.csv
2026-07-23 11:22:04,224 | INFO | Historical Dataset: Removed 0 duplicate rows
2026-07-23 11:22:04,281 | INFO | Fear & Greed Dataset: Removed 0 duplicate rows
2026-07-23 11:22:05,748 | INFO | Cleaned datasets saved.
2026-07-23 11:23:54,110 | INFO | Detected encoding ascii
2026-07-23 11:23:54,453 | INFO | Loaded historical_data.csv
2026-07-23 11:23:54,455 | INFO | Detected encoding ascii
2026-07-23 11:23:54,457 | INFO | Loaded fear_greed_index.csv
2026-07-23 11:23:54,798 | INFO | Historical Dataset: Removed 0 duplicate rows
2026-07-23 11:23:54,858 | INFO | Fear & Greed Dataset: Removed 0 duplicate rows
2026-07-23 11:23:56,348 | INFO | Cleaned datasets saved.
2026-07-23 11:23:58,128 | INFO | Merged dataset saved.
2026-07-23 11:27:49,437 | INFO | Detected encoding ascii
2026-07-23 11:27:49,774 | INFO | Loaded historical_data.csv
2026-07-23 11:27:49,775 | INFO | Detected encoding ascii
2026-07-23 11:27:49,777 | INFO | Loaded fear_greed_index.csv
2026-07-23 11:27:50,130 | INFO | Historical Dataset: Removed 0 duplicate rows
2026-07-23 11:27:50,187 | INFO | Fear & Greed Dataset: Removed 0 duplicate rows
2026-07-23 11:27:51,669 | INFO | Cleaned datasets saved.
2026-07-23 11:27:53,415 | INFO | Merge completed successfully.
2026-07-23 11:30:07,088 | WARNING | Matplotlib is building the font cache; this may take a moment.
2026-07-23 11:30:18,963 | INFO | Failed to extract font properties from /System/Library/PrivateFrameworks/FontServices.framework/Resources/Reserved/PingFangUI.ttc: FT_Open_Face (ft2font.cpp line 200) failed with error 0x02: unknown file format
2026-07-23 11:30:19,085 | INFO | Failed to extract font properties from /System/Library/Fonts/LastResort.otf: tuple indices must be integers or slices, not str
2026-07-23 11:30:19,149 | INFO | Failed to extract font properties from /System/Library/Fonts/Supplemental/NISC18030.ttf: Non-scalable fonts are not supported
2026-07-23 11:30:19,173 | INFO | Failed to extract font properties from /System/Library/Fonts/Apple Color Emoji.ttc: Non-scalable fonts are not supported
2026-07-23 11:30:19,301 | INFO | generated new fontManager
2026-07-23 11:30:19,554 | INFO | Detected encoding ascii
2026-07-23 11:30:19,907 | INFO | Loaded historical_data.csv
2026-07-23 11:30:19,910 | INFO | Detected encoding ascii
2026-07-23 11:30:19,912 | INFO | Loaded fear_greed_index.csv
2026-07-23 11:30:20,268 | INFO | Historical Dataset: Removed 0 duplicate rows
2026-07-23 11:30:20,332 | INFO | Fear & Greed Dataset: Removed 0 duplicate rows
2026-07-23 11:30:21,829 | INFO | Cleaned datasets saved.
2026-07-23 11:30:23,605 | INFO | Merge completed successfully.
2026-07-23 11:34:31,102 | INFO | Detected encoding ascii
2026-07-23 11:34:31,436 | INFO | Loaded historical_data.csv
2026-07-23 11:34:31,439 | INFO | Detected encoding ascii
2026-07-23 11:34:31,441 | INFO | Loaded fear_greed_index.csv
2026-07-23 11:34:31,779 | INFO | Historical Dataset: Removed 0 duplicate rows
2026-07-23 11:34:31,835 | INFO | Fear & Greed Dataset: Removed 0 duplicate rows
2026-07-23 11:34:33,301 | INFO | Cleaned datasets saved.
2026-07-23 11:34:35,084 | INFO | Merge completed successfully.
2026-07-23 11:35:26,025 | INFO | Detected encoding ascii
2026-07-23 11:35:26,374 | INFO | Loaded historical_data.csv
2026-07-23 11:35:26,375 | INFO | Detected encoding ascii
2026-07-23 11:35:26,377 | INFO | Loaded fear_greed_index.csv
2026-07-23 11:35:26,732 | INFO | Historical Dataset: Removed 0 duplicate rows
2026-07-23 11:35:26,786 | INFO | Fear & Greed Dataset: Removed 0 duplicate rows
2026-07-23 11:35:28,271 | INFO | Cleaned datasets saved.
2026-07-23 11:35:30,038 | INFO | Merge completed successfully.
2026-07-23 11:36:26,691 | INFO | Detected encoding ascii
2026-07-23 11:36:27,043 | INFO | Loaded historical_data.csv
2026-07-23 11:36:27,045 | INFO | Detected encoding ascii
2026-07-23 11:36:27,047 | INFO | Loaded fear_greed_index.csv
2026-07-23 11:36:27,396 | INFO | Historical Dataset: Removed 0 duplicate rows
2026-07-23 11:36:27,452 | INFO | Fear & Greed Dataset: Removed 0 duplicate rows
2026-07-23 11:36:28,943 | INFO | Cleaned datasets saved.
2026-07-23 11:36:30,688 | INFO | Merge completed successfully.
2026-07-23 11:37:36,736 | INFO | Detected encoding ascii
2026-07-23 11:37:37,077 | INFO | Loaded historical_data.csv
2026-07-23 11:37:37,078 | INFO | Detected encoding ascii
2026-07-23 11:37:37,080 | INFO | Loaded fear_greed_index.csv
2026-07-23 11:37:37,436 | INFO | Historical Dataset: Removed 0 duplicate rows
2026-07-23 11:37:37,499 | INFO | Fear & Greed Dataset: Removed 0 duplicate rows
2026-07-23 11:37:38,956 | INFO | Cleaned datasets saved.
2026-07-23 11:37:40,733 | INFO | Merge completed successfully.
2026-07-24 16:20:09,436 | INFO | Detected encoding ascii
2026-07-24 16:20:09,614 | INFO | Loaded historical_data.csv
2026-07-24 16:20:09,615 | INFO | Detected encoding ascii
2026-07-24 16:20:09,616 | INFO | Loaded fear_greed_index.csv
2026-07-24 16:20:09,801 | INFO | Historical Dataset: Removed 0 duplicate rows
2026-07-24 16:20:09,837 | INFO | Fear & Greed Dataset: Removed 0 duplicate rows
2026-07-24 16:20:10,595 | INFO | Cleaned datasets saved.
2026-07-24 16:20:11,520 | INFO | Merge completed successfully.
2026-07-24 16:23:02,952 | INFO | Detected encoding ascii
2026-07-24 16:23:03,123 | INFO | Loaded historical_data.csv
2026-07-24 16:23:03,124 | INFO | Detected encoding ascii
2026-07-24 16:23:03,125 | INFO | Loaded fear_greed_index.csv
2026-07-24 16:23:03,308 | INFO | Historical Dataset: Removed 0 duplicate rows
2026-07-24 16:23:03,337 | INFO | Fear & Greed Dataset: Removed 0 duplicate rows
2026-07-24 16:23:04,090 | INFO | Cleaned datasets saved.
2026-07-24 16:23:04,993 | INFO | Merge completed successfully.
2026-07-24 16:25:30,207 | INFO | Detected encoding ascii
2026-07-24 16:25:30,380 | INFO | Loaded historical_data.csv
2026-07-24 16:25:30,381 | INFO | Detected encoding ascii
2026-07-24 16:25:30,382 | INFO | Loaded fear_greed_index.csv
2026-07-24 16:25:30,564 | INFO | Historical Dataset: Removed 0 duplicate rows
2026-07-24 16:25:30,593 | INFO | Fear & Greed Dataset: Removed 0 duplicate rows
2026-07-24 16:25:31,353 | INFO | Cleaned datasets saved.
2026-07-24 16:25:32,260 | INFO | Merge completed successfully.
2026-07-24 16:28:39,644 | INFO | Detected encoding ascii
2026-07-24 16:28:39,822 | INFO | Loaded historical_data.csv
2026-07-24 16:28:39,823 | INFO | Detected encoding ascii
2026-07-24 16:28:39,824 | INFO | Loaded fear_greed_index.csv
2026-07-24 16:28:40,011 | INFO | Historical Dataset: Removed 0 duplicate rows
2026-07-24 16:28:40,043 | INFO | Fear & Greed Dataset: Removed 0 duplicate rows
2026-07-24 16:28:40,823 | INFO | Cleaned datasets saved.
2026-07-24 16:28:41,775 | INFO | Merge completed successfully.
2026-07-24 16:34:41,866 | INFO | Detected encoding ascii
2026-07-24 16:34:42,048 | INFO | Loaded historical_data.csv
2026-07-24 16:34:42,049 | INFO | Detected encoding ascii
2026-07-24 16:34:42,050 | INFO | Loaded fear_greed_index.csv
2026-07-24 16:34:42,231 | INFO | Historical Dataset: Removed 0 duplicate rows
2026-07-24 16:34:42,261 | INFO | Fear & Greed Dataset: Removed 0 duplicate rows
2026-07-24 16:34:43,047 | INFO | Cleaned datasets saved.
2026-07-24 16:34:43,965 | INFO | Merge completed successfully.
2026-07-24 16:37:10,571 | INFO | Detected encoding ascii
2026-07-24 16:37:10,748 | INFO | Loaded historical_data.csv
2026-07-24 16:37:10,749 | INFO | Detected encoding ascii
2026-07-24 16:37:10,750 | INFO | Loaded fear_greed_index.csv
2026-07-24 16:37:10,930 | INFO | Historical Dataset: Removed 0 duplicate rows
2026-07-24 16:37:10,961 | INFO | Fear & Greed Dataset: Removed 0 duplicate rows
2026-07-24 16:37:11,727 | INFO | Cleaned datasets saved.
2026-07-24 16:37:12,635 | INFO | Merge completed successfully.
2026-07-24 16:41:48,082 | INFO | Detected encoding ascii
2026-07-24 16:41:48,265 | INFO | Loaded historical_data.csv
2026-07-24 16:41:48,266 | INFO | Detected encoding ascii
2026-07-24 16:41:48,267 | INFO | Loaded fear_greed_index.csv
2026-07-24 16:41:48,450 | INFO | Historical Dataset: Removed 0 duplicate rows
2026-07-24 16:41:48,479 | INFO | Fear & Greed Dataset: Removed 0 duplicate rows
2026-07-24 16:41:49,245 | INFO | Cleaned datasets saved.
2026-07-24 16:41:50,186 | INFO | Merge completed successfully.
2026-07-24 16:47:52,122 | INFO | Detected encoding ascii
2026-07-24 16:47:52,306 | INFO | Loaded historical_data.csv
2026-07-24 16:47:52,307 | INFO | Detected encoding ascii
2026-07-24 16:47:52,308 | INFO | Loaded fear_greed_index.csv
2026-07-24 16:47:52,488 | INFO | Historical Dataset: Removed 0 duplicate rows
2026-07-24 16:47:52,518 | INFO | Fear & Greed Dataset: Removed 0 duplicate rows
2026-07-24 16:47:53,282 | INFO | Cleaned datasets saved.
2026-07-24 16:47:54,222 | INFO | Merge completed successfully.
2026-07-24 16:54:46,642 | INFO | Detected encoding ascii
2026-07-24 16:54:46,814 | INFO | Loaded historical_data.csv
2026-07-24 16:54:46,815 | INFO | Detected encoding ascii
2026-07-24 16:54:46,816 | INFO | Loaded fear_greed_index.csv
2026-07-24 16:54:47,004 | INFO | Historical Dataset: Removed 0 duplicate rows
2026-07-24 16:54:47,034 | INFO | Fear & Greed Dataset: Removed 0 duplicate rows
2026-07-24 16:54:47,778 | INFO | Cleaned datasets saved.
2026-07-24 16:54:48,671 | INFO | Merge completed successfully.
2026-07-24 16:58:10,154 | INFO | Detected encoding ascii
2026-07-24 16:58:10,327 | INFO | Loaded historical_data.csv
2026-07-24 16:58:10,328 | INFO | Detected encoding ascii
2026-07-24 16:58:10,329 | INFO | Loaded fear_greed_index.csv
2026-07-24 16:58:10,516 | INFO | Historical Dataset: Removed 0 duplicate rows
2026-07-24 16:58:10,545 | INFO | Fear & Greed Dataset: Removed 0 duplicate rows
2026-07-24 16:58:11,329 | INFO | Cleaned datasets saved.
2026-07-24 16:58:12,266 | INFO | Merge completed successfully.
2026-07-24 17:05:01,911 | INFO | Detected encoding ascii
2026-07-24 17:05:02,092 | INFO | Loaded historical_data.csv
2026-07-24 17:05:02,093 | INFO | Detected encoding ascii
2026-07-24 17:05:02,094 | INFO | Loaded fear_greed_index.csv
2026-07-24 17:05:02,290 | INFO | Historical Dataset: Removed 0 duplicate rows
2026-07-24 17:05:02,323 | INFO | Fear & Greed Dataset: Removed 0 duplicate rows
2026-07-24 17:05:03,101 | INFO | Cleaned datasets saved.
2026-07-24 17:05:04,043 | INFO | Merge completed successfully.
2026-07-24 17:45:10,012 | INFO | Detected encoding ascii
2026-07-24 17:45:10,218 | INFO | Loaded historical_data.csv
2026-07-24 17:45:10,219 | INFO | Detected encoding ascii
2026-07-24 17:45:10,220 | INFO | Loaded fear_greed_index.csv
2026-07-24 17:45:10,325 | INFO | Historical Dataset: Removed 0 duplicate rows
2026-07-24 17:45:10,343 | INFO | Fear & Greed Dataset: Removed 0 duplicate rows
2026-07-24 17:45:11,111 | INFO | Cleaned datasets saved.
2026-07-24 17:45:12,030 | INFO | Merge completed successfully.
2026-07-24 17:49:01,812 | INFO | Detected encoding ascii
2026-07-24 17:49:02,008 | INFO | Loaded historical_data.csv
2026-07-24 17:49:02,009 | INFO | Detected encoding ascii
2026-07-24 17:49:02,010 | INFO | Loaded fear_greed_index.csv
2026-07-24 17:49:02,120 | INFO | Historical Dataset: Removed 0 duplicate rows
2026-07-24 17:49:02,139 | INFO | Fear & Greed Dataset: Removed 0 duplicate rows
2026-07-24 17:49:02,915 | INFO | Cleaned datasets saved.
2026-07-24 17:49:03,841 | INFO | Merge completed successfully.
2026-07-24 17:49:57,013 | INFO | Detected encoding ascii
2026-07-24 17:49:57,235 | INFO | Loaded historical_data.csv
2026-07-24 17:49:57,236 | INFO | Detected encoding ascii
2026-07-24 17:49:57,237 | INFO | Loaded fear_greed_index.csv
2026-07-24 17:49:57,330 | INFO | Historical Dataset: Removed 0 duplicate rows
2026-07-24 17:49:57,345 | INFO | Fear & Greed Dataset: Removed 0 duplicate rows
2026-07-24 17:49:58,131 | INFO | Cleaned datasets saved.
2026-07-24 17:49:59,045 | INFO | Merge completed successfully.
2026-07-24 17:55:41,807 | INFO | Detected encoding ascii
2026-07-24 17:55:42,012 | INFO | Loaded historical_data.csv
2026-07-24 17:55:42,013 | INFO | Detected encoding ascii
2026-07-24 17:55:42,014 | INFO | Loaded fear_greed_index.csv
2026-07-24 17:55:42,131 | INFO | Historical Dataset: Removed 0 duplicate rows
2026-07-24 17:55:42,146 | INFO | Fear & Greed Dataset: Removed 0 duplicate rows
2026-07-24 17:55:42,952 | INFO | Cleaned datasets saved.
2026-07-24 17:55:43,853 | INFO | Merge completed successfully.
2026-07-24 17:59:18,782 | INFO | Detected encoding ascii
2026-07-24 17:59:18,994 | INFO | Loaded historical_data.csv
2026-07-24 17:59:18,995 | INFO | Detected encoding ascii
2026-07-24 17:59:18,996 | INFO | Loaded fear_greed_index.csv
2026-07-24 17:59:19,097 | INFO | Historical Dataset: Removed 0 duplicate rows
2026-07-24 17:59:19,116 | INFO | Fear & Greed Dataset: Removed 0 duplicate rows
2026-07-24 17:59:19,915 | INFO | Cleaned datasets saved.
2026-07-24 17:59:20,909 | INFO | Merge completed successfully.
2026-07-24 18:07:17,280 | INFO | Detected encoding ascii
2026-07-24 18:07:17,568 | INFO | Loaded historical_data.csv
2026-07-24 18:07:17,569 | INFO | Detected encoding ascii
2026-07-24 18:07:17,570 | INFO | Loaded fear_greed_index.csv
2026-07-24 18:07:17,714 | INFO | Historical Dataset: Removed 0 duplicate rows
2026-07-24 18:07:17,741 | INFO | Fear & Greed Dataset: Removed 0 duplicate rows
2026-07-24 18:07:18,628 | INFO | Cleaned datasets saved.
2026-07-24 18:07:19,608 | INFO | Merge completed successfully.
2026-07-24 18:10:52,549 | INFO | Detected encoding ascii
2026-07-24 18:10:52,755 | INFO | Loaded historical_data.csv
2026-07-24 18:10:52,756 | INFO | Detected encoding ascii
2026-07-24 18:10:52,757 | INFO | Loaded fear_greed_index.csv
2026-07-24 18:10:52,864 | INFO | Historical Dataset: Removed 0 duplicate rows
2026-07-24 18:10:52,887 | INFO | Fear & Greed Dataset: Removed 0 duplicate rows
2026-07-24 18:10:53,672 | INFO | Cleaned datasets saved.
2026-07-24 18:10:54,586 | INFO | Merge completed successfully.
2026-07-24 18:13:33,776 | INFO | Detected encoding ascii
2026-07-24 18:13:33,983 | INFO | Loaded historical_data.csv
2026-07-24 18:13:33,984 | INFO | Detected encoding ascii
2026-07-24 18:13:33,985 | INFO | Loaded fear_greed_index.csv
2026-07-24 18:13:34,086 | INFO | Historical Dataset: Removed 0 duplicate rows
2026-07-24 18:13:34,103 | INFO | Fear & Greed Dataset: Removed 0 duplicate rows
2026-07-24 18:13:34,867 | INFO | Cleaned datasets saved.
2026-07-24 18:13:35,774 | INFO | Merge completed successfully.
2026-07-24 18:19:15,513 | INFO | Detected encoding ascii
2026-07-24 18:19:15,700 | INFO | Loaded historical_data.csv
2026-07-24 18:19:15,701 | INFO | Detected encoding ascii
2026-07-24 18:19:15,702 | INFO | Loaded fear_greed_index.csv
2026-07-24 18:19:15,809 | INFO | Historical Dataset: Removed 0 duplicate rows
2026-07-24 18:19:15,824 | INFO | Fear & Greed Dataset: Removed 0 duplicate rows
2026-07-24 18:19:16,612 | INFO | Cleaned datasets saved.
2026-07-24 18:19:17,556 | INFO | Merge completed successfully.
2026-07-24 18:26:39,285 | INFO | Detected encoding ascii
2026-07-24 18:26:39,479 | INFO | Loaded historical_data.csv
2026-07-24 18:26:39,480 | INFO | Detected encoding ascii
2026-07-24 18:26:39,481 | INFO | Loaded fear_greed_index.csv
2026-07-24 18:26:39,576 | INFO | Historical Dataset: Removed 0 duplicate rows
2026-07-24 18:26:39,590 | INFO | Fear & Greed Dataset: Removed 0 duplicate rows
2026-07-24 18:26:40,396 | INFO | Cleaned datasets saved.
2026-07-24 18:26:41,323 | INFO | Merge completed successfully.
2026-07-24 18:29:07,963 | INFO | Detected encoding ascii
2026-07-24 18:29:08,183 | INFO | Loaded historical_data.csv
2026-07-24 18:29:08,184 | INFO | Detected encoding ascii
2026-07-24 18:29:08,185 | INFO | Loaded fear_greed_index.csv
2026-07-24 18:29:08,295 | INFO | Historical Dataset: Removed 0 duplicate rows
2026-07-24 18:29:08,311 | INFO | Fear & Greed Dataset: Removed 0 duplicate rows
2026-07-24 18:29:09,103 | INFO | Cleaned datasets saved.
2026-07-24 18:29:10,025 | INFO | Merge completed successfully.
2026-07-24 18:38:49,848 | INFO | Detected encoding ascii
2026-07-24 18:38:50,061 | INFO | Loaded historical_data.csv
2026-07-24 18:38:50,061 | INFO | Detected encoding ascii
2026-07-24 18:38:50,063 | INFO | Loaded fear_greed_index.csv
2026-07-24 18:38:50,170 | INFO | Historical Dataset: Removed 0 duplicate rows
2026-07-24 18:38:50,191 | INFO | Fear & Greed Dataset: Removed 0 duplicate rows
2026-07-24 18:38:50,993 | INFO | Cleaned datasets saved.
2026-07-24 18:38:51,916 | INFO | Merge completed successfully.
2026-07-24 18:42:14,117 | INFO | Detected encoding ascii
2026-07-24 18:42:14,308 | INFO | Loaded historical_data.csv
2026-07-24 18:42:14,309 | INFO | Detected encoding ascii
2026-07-24 18:42:14,310 | INFO | Loaded fear_greed_index.csv
2026-07-24 18:42:14,408 | INFO | Historical Dataset: Removed 0 duplicate rows
2026-07-24 18:42:14,423 | INFO | Fear & Greed Dataset: Removed 0 duplicate rows
2026-07-24 18:42:15,212 | INFO | Cleaned datasets saved.
2026-07-24 18:42:16,131 | INFO | Merge completed successfully.
2026-07-24 18:45:01,861 | INFO | Detected encoding ascii
2026-07-24 18:45:02,051 | INFO | Loaded historical_data.csv
2026-07-24 18:45:02,052 | INFO | Detected encoding ascii
2026-07-24 18:45:02,053 | INFO | Loaded fear_greed_index.csv
2026-07-24 18:45:02,150 | INFO | Historical Dataset: Removed 0 duplicate rows
2026-07-24 18:45:02,165 | INFO | Fear & Greed Dataset: Removed 0 duplicate rows
2026-07-24 18:45:02,932 | INFO | Cleaned datasets saved.
2026-07-24 18:45:03,828 | INFO | Merge completed successfully.
2026-07-24 18:51:30,138 | INFO | Detected encoding ascii
2026-07-24 18:51:30,347 | INFO | Loaded historical_data.csv
2026-07-24 18:51:30,348 | INFO | Detected encoding ascii
2026-07-24 18:51:30,349 | INFO | Loaded fear_greed_index.csv
2026-07-24 18:51:30,449 | INFO | Historical Dataset: Removed 0 duplicate rows
2026-07-24 18:51:30,465 | INFO | Fear & Greed Dataset: Removed 0 duplicate rows
2026-07-24 18:51:31,224 | INFO | Cleaned datasets saved.
2026-07-24 18:51:32,151 | INFO | Merge completed successfully.
2026-07-24 18:58:21,410 | INFO | Detected encoding ascii
2026-07-24 18:58:21,614 | INFO | Loaded historical_data.csv
2026-07-24 18:58:21,615 | INFO | Detected encoding ascii
2026-07-24 18:58:21,616 | INFO | Loaded fear_greed_index.csv
2026-07-24 18:58:21,729 | INFO | Historical Dataset: Removed 0 duplicate rows
2026-07-24 18:58:21,749 | INFO | Fear & Greed Dataset: Removed 0 duplicate rows
2026-07-24 18:58:22,550 | INFO | Cleaned datasets saved.
2026-07-24 18:58:23,478 | INFO | Merge completed successfully.
2026-07-24 19:16:51,206 | INFO | Detected encoding ascii
2026-07-24 19:16:51,602 | INFO | Loaded historical_data.csv
2026-07-24 19:16:51,604 | INFO | Detected encoding ascii
2026-07-24 19:16:51,607 | INFO | Loaded fear_greed_index.csv
2026-07-24 19:16:51,792 | INFO | Historical Dataset: Removed 0 duplicate rows
2026-07-24 19:16:51,824 | INFO | Fear & Greed Dataset: Removed 0 duplicate rows
2026-07-24 19:16:53,322 | INFO | Cleaned datasets saved.
2026-07-24 19:16:55,087 | INFO | Merge completed successfully.
2026-07-24 19:20:35,957 | INFO | Detected encoding ascii
2026-07-24 19:20:36,355 | INFO | Loaded historical_data.csv
2026-07-24 19:20:36,357 | INFO | Detected encoding ascii
2026-07-24 19:20:36,360 | INFO | Loaded fear_greed_index.csv
2026-07-24 19:20:36,559 | INFO | Historical Dataset: Removed 0 duplicate rows
2026-07-24 19:20:36,590 | INFO | Fear & Greed Dataset: Removed 0 duplicate rows
2026-07-24 19:20:38,094 | INFO | Cleaned datasets saved.
2026-07-24 19:20:39,853 | INFO | Merge completed successfully.
2026-07-24 19:43:04,793 | INFO | Detected encoding ascii
2026-07-24 19:43:05,174 | INFO | Loaded historical_data.csv
2026-07-24 19:43:05,176 | INFO | Detected encoding ascii
2026-07-24 19:43:05,179 | INFO | Loaded fear_greed_index.csv
2026-07-24 19:43:05,379 | INFO | Historical Dataset: Removed 0 duplicate rows
2026-07-24 19:43:05,419 | INFO | Fear & Greed Dataset: Removed 0 duplicate rows
2026-07-24 19:43:06,895 | INFO | Cleaned datasets saved.
2026-07-24 19:43:08,667 | INFO | Merge completed successfully.
2026-07-24 20:05:56,630 | INFO | Detected encoding ascii
2026-07-24 20:05:57,038 | INFO | Loaded historical_data.csv
2026-07-24 20:05:57,040 | INFO | Detected encoding ascii
2026-07-24 20:05:57,042 | INFO | Loaded fear_greed_index.csv
2026-07-24 20:05:57,235 | INFO | Historical Dataset: Removed 0 duplicate rows
2026-07-24 20:05:57,274 | INFO | Fear & Greed Dataset: Removed 0 duplicate rows
2026-07-24 20:05:58,795 | INFO | Cleaned datasets saved.
2026-07-24 20:06:00,597 | INFO | Merge completed successfully.
2026-07-24 20:08:19,759 | INFO | Detected encoding ascii
2026-07-24 20:08:20,166 | INFO | Loaded historical_data.csv
2026-07-24 20:08:20,167 | INFO | Detected encoding ascii
2026-07-24 20:08:20,170 | INFO | Loaded fear_greed_index.csv
2026-07-24 20:08:20,357 | INFO | Historical Dataset: Removed 0 duplicate rows
2026-07-24 20:08:20,391 | INFO | Fear & Greed Dataset: Removed 0 duplicate rows
2026-07-24 20:08:21,889 | INFO | Cleaned datasets saved.
2026-07-24 20:08:23,878 | INFO | Merge completed successfully.
2026-07-24 20:11:49,881 | INFO | Detected encoding ascii
2026-07-24 20:11:50,273 | INFO | Loaded historical_data.csv
2026-07-24 20:11:50,277 | INFO | Detected encoding ascii
2026-07-24 20:11:50,280 | INFO | Loaded fear_greed_index.csv
2026-07-24 20:11:50,461 | INFO | Historical Dataset: Removed 0 duplicate rows
2026-07-24 20:11:50,497 | INFO | Fear & Greed Dataset: Removed 0 duplicate rows
2026-07-24 20:11:52,195 | INFO | Cleaned datasets saved.
2026-07-24 20:11:53,991 | INFO | Merge completed successfully.
2026-07-24 20:39:58,032 | INFO | Detected encoding ascii
2026-07-24 20:39:58,430 | INFO | Loaded historical_data.csv
2026-07-24 20:39:58,431 | INFO | Detected encoding ascii
2026-07-24 20:39:58,433 | INFO | Loaded fear_greed_index.csv
2026-07-24 20:39:58,619 | INFO | Historical Dataset: Removed 0 duplicate rows
2026-07-24 20:39:58,656 | INFO | Fear & Greed Dataset: Removed 0 duplicate rows
2026-07-24 20:40:00,188 | INFO | Cleaned datasets saved.
2026-07-24 20:40:01,952 | INFO | Merge completed successfully.
2026-07-24 20:48:02,118 | INFO | Detected encoding ascii
2026-07-24 20:48:02,338 | INFO | Loaded historical_data.csv
2026-07-24 20:48:02,339 | INFO | Detected encoding ascii
2026-07-24 20:48:02,340 | INFO | Loaded fear_greed_index.csv
2026-07-24 20:48:02,466 | INFO | Historical Dataset: Removed 0 duplicate rows
2026-07-24 20:48:02,488 | INFO | Fear & Greed Dataset: Removed 0 duplicate rows
2026-07-24 20:48:03,239 | INFO | Cleaned datasets saved.
2026-07-24 20:48:04,135 | INFO | Merge completed successfully.
2026-07-24 20:51:20,657 | INFO | Detected encoding ascii
2026-07-24 20:51:20,862 | INFO | Loaded historical_data.csv
2026-07-24 20:51:20,863 | INFO | Detected encoding ascii
2026-07-24 20:51:20,864 | INFO | Loaded fear_greed_index.csv
2026-07-24 20:51:20,978 | INFO | Historical Dataset: Removed 0 duplicate rows
2026-07-24 20:51:20,998 | INFO | Fear & Greed Dataset: Removed 0 duplicate rows
2026-07-24 20:51:21,768 | INFO | Cleaned datasets saved.
2026-07-24 20:51:22,685 | INFO | Merge completed successfully.
2026-07-24 20:54:43,753 | INFO | Detected encoding ascii
2026-07-24 20:54:43,950 | INFO | Loaded historical_data.csv
2026-07-24 20:54:43,951 | INFO | Detected encoding ascii
2026-07-24 20:54:43,952 | INFO | Loaded fear_greed_index.csv
2026-07-24 20:54:44,067 | INFO | Historical Dataset: Removed 0 duplicate rows
2026-07-24 20:54:44,086 | INFO | Fear & Greed Dataset: Removed 0 duplicate rows
2026-07-24 20:54:44,868 | INFO | Cleaned datasets saved.
2026-07-24 20:54:45,791 | INFO | Merge completed successfully.
2026-07-24 20:57:20,456 | INFO | Detected encoding ascii
2026-07-24 20:57:20,668 | INFO | Loaded historical_data.csv
2026-07-24 20:57:20,669 | INFO | Detected encoding ascii
2026-07-24 20:57:20,670 | INFO | Loaded fear_greed_index.csv
2026-07-24 20:57:20,802 | INFO | Historical Dataset: Removed 0 duplicate rows
2026-07-24 20:57:20,817 | INFO | Fear & Greed Dataset: Removed 0 duplicate rows
2026-07-24 20:57:21,602 | INFO | Cleaned datasets saved.
2026-07-24 20:57:22,528 | INFO | Merge completed successfully.
2026-07-24 21:01:34,466 | INFO | Detected encoding ascii
2026-07-24 21:01:34,667 | INFO | Loaded historical_data.csv
2026-07-24 21:01:34,668 | INFO | Detected encoding ascii
2026-07-24 21:01:34,669 | INFO | Loaded fear_greed_index.csv
2026-07-24 21:01:34,774 | INFO | Historical Dataset: Removed 0 duplicate rows
2026-07-24 21:01:34,796 | INFO | Fear & Greed Dataset: Removed 0 duplicate rows
2026-07-24 21:01:35,578 | INFO | Cleaned datasets saved.
2026-07-24 21:01:36,496 | INFO | Merge completed successfully.
2026-07-24 21:03:53,116 | INFO | Detected encoding ascii
2026-07-24 21:03:53,319 | INFO | Loaded historical_data.csv
2026-07-24 21:03:53,320 | INFO | Detected encoding ascii
2026-07-24 21:03:53,321 | INFO | Loaded fear_greed_index.csv
2026-07-24 21:03:53,432 | INFO | Historical Dataset: Removed 0 duplicate rows
2026-07-24 21:03:53,449 | INFO | Fear & Greed Dataset: Removed 0 duplicate rows
2026-07-24 21:03:54,216 | INFO | Cleaned datasets saved.
2026-07-24 21:03:55,117 | INFO | Merge completed successfully.
2026-07-24 21:05:24,405 | INFO | Detected encoding ascii
2026-07-24 21:05:24,610 | INFO | Loaded historical_data.csv
2026-07-24 21:05:24,611 | INFO | Detected encoding ascii
2026-07-24 21:05:24,612 | INFO | Loaded fear_greed_index.csv
2026-07-24 21:05:24,718 | INFO | Historical Dataset: Removed 0 duplicate rows
2026-07-24 21:05:24,736 | INFO | Fear & Greed Dataset: Removed 0 duplicate rows
2026-07-24 21:05:25,513 | INFO | Cleaned datasets saved.
2026-07-24 21:05:26,411 | INFO | Merge completed successfully.
2026-07-24 21:07:57,326 | INFO | Detected encoding ascii
2026-07-24 21:07:57,535 | INFO | Loaded historical_data.csv
2026-07-24 21:07:57,536 | INFO | Detected encoding ascii
2026-07-24 21:07:57,537 | INFO | Loaded fear_greed_index.csv
2026-07-24 21:07:57,638 | INFO | Historical Dataset: Removed 0 duplicate rows
2026-07-24 21:07:57,655 | INFO | Fear & Greed Dataset: Removed 0 duplicate rows
2026-07-24 21:07:58,423 | INFO | Cleaned datasets saved.
2026-07-24 21:07:59,326 | INFO | Merge completed successfully.
2026-07-24 21:10:29,816 | INFO | Detected encoding ascii
2026-07-24 21:10:30,018 | INFO | Loaded historical_data.csv
2026-07-24 21:10:30,019 | INFO | Detected encoding ascii
2026-07-24 21:10:30,020 | INFO | Loaded fear_greed_index.csv
2026-07-24 21:10:30,122 | INFO | Historical Dataset: Removed 0 duplicate rows
2026-07-24 21:10:30,141 | INFO | Fear & Greed Dataset: Removed 0 duplicate rows
2026-07-24 21:10:30,909 | INFO | Cleaned datasets saved.
2026-07-24 21:10:31,810 | INFO | Merge completed successfully.
2026-07-24 21:11:45,135 | INFO | Detected encoding ascii
2026-07-24 21:11:45,348 | INFO | Loaded historical_data.csv
2026-07-24 21:11:45,349 | INFO | Detected encoding ascii
2026-07-24 21:11:45,350 | INFO | Loaded fear_greed_index.csv
2026-07-24 21:11:45,474 | INFO | Historical Dataset: Removed 0 duplicate rows
2026-07-24 21:11:45,497 | INFO | Fear & Greed Dataset: Removed 0 duplicate rows
2026-07-24 21:11:46,296 | INFO | Cleaned datasets saved.
2026-07-24 21:11:47,276 | INFO | Merge completed successfully.
2026-07-24 21:12:43,136 | INFO | Detected encoding ascii
2026-07-24 21:12:43,346 | INFO | Loaded historical_data.csv
2026-07-24 21:12:43,347 | INFO | Detected encoding ascii
2026-07-24 21:12:43,348 | INFO | Loaded fear_greed_index.csv
2026-07-24 21:12:43,456 | INFO | Historical Dataset: Removed 0 duplicate rows
2026-07-24 21:12:43,476 | INFO | Fear & Greed Dataset: Removed 0 duplicate rows
2026-07-24 21:12:44,253 | INFO | Cleaned datasets saved.
2026-07-24 21:12:45,164 | INFO | Merge completed successfully.
2026-07-24 21:15:23,740 | INFO | Detected encoding ascii
2026-07-24 21:15:23,957 | INFO | Loaded historical_data.csv
2026-07-24 21:15:23,958 | INFO | Detected encoding ascii
2026-07-24 21:15:23,959 | INFO | Loaded fear_greed_index.csv
2026-07-24 21:15:24,068 | INFO | Historical Dataset: Removed 0 duplicate rows
2026-07-24 21:15:24,085 | INFO | Fear & Greed Dataset: Removed 0 duplicate rows
2026-07-24 21:15:24,875 | INFO | Cleaned datasets saved.
2026-07-24 21:15:25,783 | INFO | Merge completed successfully.
2026-07-24 21:21:57,555 | INFO | Detected encoding ascii
2026-07-24 21:21:57,760 | INFO | Loaded historical_data.csv
2026-07-24 21:21:57,761 | INFO | Detected encoding ascii
2026-07-24 21:21:57,762 | INFO | Loaded fear_greed_index.csv
2026-07-24 21:21:57,886 | INFO | Historical Dataset: Removed 0 duplicate rows
2026-07-24 21:21:57,903 | INFO | Fear & Greed Dataset: Removed 0 duplicate rows
2026-07-24 21:21:58,670 | INFO | Cleaned datasets saved.
2026-07-24 21:21:59,568 | INFO | Merge completed successfully.
2026-07-24 21:28:54,501 | INFO | Detected encoding ascii
2026-07-24 21:28:54,717 | INFO | Loaded historical_data.csv
2026-07-24 21:28:54,718 | INFO | Detected encoding ascii
2026-07-24 21:28:54,719 | INFO | Loaded fear_greed_index.csv
2026-07-24 21:28:54,837 | INFO | Historical Dataset: Removed 0 duplicate rows
2026-07-24 21:28:54,858 | INFO | Fear & Greed Dataset: Removed 0 duplicate rows
2026-07-24 21:28:55,614 | INFO | Cleaned datasets saved.
2026-07-24 21:28:56,553 | INFO | Merge completed successfully.
2026-07-24 21:35:45,193 | INFO | Detected encoding ascii
2026-07-24 21:35:45,404 | INFO | Loaded historical_data.csv
2026-07-24 21:35:45,405 | INFO | Detected encoding ascii
2026-07-24 21:35:45,406 | INFO | Loaded fear_greed_index.csv
2026-07-24 21:35:45,536 | INFO | Historical Dataset: Removed 0 duplicate rows
2026-07-24 21:35:45,552 | INFO | Fear & Greed Dataset: Removed 0 duplicate rows
2026-07-24 21:35:46,338 | INFO | Cleaned datasets saved.
2026-07-24 21:35:47,266 | INFO | Merge completed successfully.
2026-07-24 22:55:41,043 | INFO | Detected encoding ascii
2026-07-24 22:55:41,245 | INFO | Loaded historical_data.csv
2026-07-24 22:55:41,246 | INFO | Detected encoding ascii
2026-07-24 22:55:41,247 | INFO | Loaded fear_greed_index.csv
2026-07-24 22:55:41,353 | INFO | Historical Dataset: Removed 0 duplicate rows
2026-07-24 22:55:41,371 | INFO | Fear & Greed Dataset: Removed 0 duplicate rows
2026-07-24 22:55:42,122 | INFO | Cleaned datasets saved.
2026-07-24 22:55:43,042 | INFO | Merge completed successfully.
2026-07-24 22:57:49,484 | INFO | Detected encoding ascii
2026-07-24 22:57:49,689 | INFO | Loaded historical_data.csv
2026-07-24 22:57:49,690 | INFO | Detected encoding ascii
2026-07-24 22:57:49,691 | INFO | Loaded fear_greed_index.csv
2026-07-24 22:57:49,796 | INFO | Historical Dataset: Removed 0 duplicate rows
2026-07-24 22:57:49,814 | INFO | Fear & Greed Dataset: Removed 0 duplicate rows
2026-07-24 22:57:50,584 | INFO | Cleaned datasets saved.
2026-07-24 22:57:51,505 | INFO | Merge completed successfully.
